FLAG: 1
refSeqFile = ../data/Cvirginica_v300/Cvirginica_v300.fa.
bamFileName = ../output/02.10-bismark-deduplication/CF04-CM04-Zygote_dedup.sorted.bam.
snpFileName = ../output/12-snp-calling-BS-Snper/per-sample/CF04-CM04-Zygote.candidates.txt.
methCgFileName = ../output/12-snp-calling-BS-Snper/per-sample/CF04-CM04-Zygote.CpG.tab.
methChgFileName = ../output/12-snp-calling-BS-Snper/per-sample/CF04-CM04-Zygote.CHG.tab.
methChhFileName = ../output/12-snp-calling-BS-Snper/per-sample/CF04-CM04-Zygote.CHH.tab.
vQualMin = 15.
nLayerMax = 1000.
vSnpRate = 0.100000.
vSnpPerBase = 0.020000.
mapqThr = 20.
Init chrome name-len array completed, total 684741128 bp of 11 chromosomes.
11 chromes loaded.
Init chrome name-idx hash table completed.
Init chrome seq array completed.
Meth process begins...
Chrome updated to NC_035780.1!
500000 records have been dealed.
1000000 records have been dealed.
1500000 records have been dealed.
2000000 records have been dealed.
2500000 records have been dealed.
Chrome updated to NC_035781.1!
3000000 records have been dealed.
3500000 records have been dealed.
4000000 records have been dealed.
4500000 records have been dealed.
5000000 records have been dealed.
5500000 records have been dealed.
Chrome updated to NC_035782.1!
6000000 records have been dealed.
6500000 records have been dealed.
7000000 records have been dealed.
7500000 records have been dealed.
8000000 records have been dealed.
8500000 records have been dealed.
Chrome updated to NC_035783.1!
9000000 records have been dealed.
9500000 records have been dealed.
10000000 records have been dealed.
10500000 records have been dealed.
11000000 records have been dealed.
11500000 records have been dealed.
Chrome updated to NC_035784.1!
12000000 records have been dealed.
12500000 records have been dealed.
13000000 records have been dealed.
13500000 records have been dealed.
14000000 records have been dealed.
14500000 records have been dealed.
15000000 records have been dealed.
15500000 records have been dealed.
16000000 records have been dealed.
16500000 records have been dealed.
Chrome updated to NC_035785.1!
17000000 records have been dealed.
17500000 records have been dealed.
Chrome updated to NC_035786.1!
18000000 records have been dealed.
18500000 records have been dealed.
Chrome updated to NC_035787.1!
19000000 records have been dealed.
19500000 records have been dealed.
20000000 records have been dealed.
20500000 records have been dealed.
Chrome updated to NC_035788.1!
21000000 records have been dealed.
21500000 records have been dealed.
22000000 records have been dealed.
22500000 records have been dealed.
Chrome updated to NC_035789.1!
23000000 records have been dealed.
Chrome updated to NC_007175.2!
23500000 records have been dealed.
Meth process ends...
SNP process begins...
100000 records have been dealed.
200000 records have been dealed.
300000 records have been dealed.
400000 records have been dealed.
500000 records have been dealed.
600000 records have been dealed.
700000 records have been dealed.
800000 records have been dealed.
900000 records have been dealed.
1000000 records have been dealed.
1100000 records have been dealed.
1200000 records have been dealed.
1300000 records have been dealed.
1400000 records have been dealed.
1500000 records have been dealed.
1600000 records have been dealed.
1700000 records have been dealed.
1800000 records have been dealed.
1900000 records have been dealed.
2000000 records have been dealed.
2100000 records have been dealed.
2200000 records have been dealed.
2300000 records have been dealed.
2400000 records have been dealed.
2500000 records have been dealed.
2600000 records have been dealed.
2700000 records have been dealed.
2800000 records have been dealed.
2900000 records have been dealed.
3000000 records have been dealed.
3100000 records have been dealed.
3200000 records have been dealed.
3300000 records have been dealed.
3400000 records have been dealed.
3500000 records have been dealed.
3600000 records have been dealed.
3700000 records have been dealed.
3800000 records have been dealed.
3900000 records have been dealed.
4000000 records have been dealed.
4100000 records have been dealed.
4200000 records have been dealed.
4300000 records have been dealed.
4400000 records have been dealed.
4500000 records have been dealed.
4600000 records have been dealed.
4700000 records have been dealed.
4800000 records have been dealed.
4900000 records have been dealed.
5000000 records have been dealed.
5100000 records have been dealed.
5200000 records have been dealed.
5300000 records have been dealed.
5400000 records have been dealed.
5500000 records have been dealed.
5600000 records have been dealed.
5700000 records have been dealed.
5800000 records have been dealed.
5900000 records have been dealed.
6000000 records have been dealed.
6100000 records have been dealed.
6200000 records have been dealed.
6300000 records have been dealed.
6400000 records have been dealed.
6500000 records have been dealed.
6600000 records have been dealed.
6700000 records have been dealed.
6800000 records have been dealed.
6900000 records have been dealed.
7000000 records have been dealed.
7100000 records have been dealed.
7200000 records have been dealed.
7300000 records have been dealed.
7400000 records have been dealed.
7500000 records have been dealed.
7600000 records have been dealed.
7700000 records have been dealed.
7800000 records have been dealed.
7900000 records have been dealed.
8000000 records have been dealed.
8100000 records have been dealed.
8200000 records have been dealed.
8300000 records have been dealed.
8400000 records have been dealed.
8500000 records have been dealed.
8600000 records have been dealed.
8700000 records have been dealed.
8800000 records have been dealed.
8900000 records have been dealed.
9000000 records have been dealed.
9100000 records have been dealed.
9200000 records have been dealed.
9300000 records have been dealed.
9400000 records have been dealed.
9500000 records have been dealed.
9600000 records have been dealed.
9700000 records have been dealed.
9800000 records have been dealed.
9900000 records have been dealed.
10000000 records have been dealed.
10100000 records have been dealed.
10200000 records have been dealed.
10300000 records have been dealed.
10400000 records have been dealed.
10500000 records have been dealed.
10600000 records have been dealed.
10700000 records have been dealed.
10800000 records have been dealed.
10900000 records have been dealed.
11000000 records have been dealed.
11100000 records have been dealed.
11200000 records have been dealed.
11300000 records have been dealed.
11400000 records have been dealed.
11500000 records have been dealed.
11600000 records have been dealed.
11700000 records have been dealed.
11800000 records have been dealed.
11900000 records have been dealed.
12000000 records have been dealed.
12100000 records have been dealed.
12200000 records have been dealed.
12300000 records have been dealed.
12400000 records have been dealed.
12500000 records have been dealed.
12600000 records have been dealed.
12700000 records have been dealed.
12800000 records have been dealed.
12900000 records have been dealed.
13000000 records have been dealed.
13100000 records have been dealed.
13200000 records have been dealed.
13300000 records have been dealed.
13400000 records have been dealed.
13500000 records have been dealed.
13600000 records have been dealed.
13700000 records have been dealed.
13800000 records have been dealed.
13900000 records have been dealed.
14000000 records have been dealed.
14100000 records have been dealed.
14200000 records have been dealed.
14300000 records have been dealed.
14400000 records have been dealed.
14500000 records have been dealed.
14600000 records have been dealed.
14700000 records have been dealed.
14800000 records have been dealed.
14900000 records have been dealed.
15000000 records have been dealed.
15100000 records have been dealed.
15200000 records have been dealed.
15300000 records have been dealed.
15400000 records have been dealed.
15500000 records have been dealed.
15600000 records have been dealed.
15700000 records have been dealed.
15800000 records have been dealed.
15900000 records have been dealed.
16000000 records have been dealed.
16100000 records have been dealed.
16200000 records have been dealed.
16300000 records have been dealed.
16400000 records have been dealed.
16500000 records have been dealed.
16600000 records have been dealed.
16700000 records have been dealed.
16800000 records have been dealed.
16900000 records have been dealed.
17000000 records have been dealed.
17100000 records have been dealed.
17200000 records have been dealed.
17300000 records have been dealed.
17400000 records have been dealed.
17500000 records have been dealed.
17600000 records have been dealed.
17700000 records have been dealed.
17800000 records have been dealed.
17900000 records have been dealed.
18000000 records have been dealed.
18100000 records have been dealed.
18200000 records have been dealed.
18300000 records have been dealed.
18400000 records have been dealed.
18500000 records have been dealed.
18600000 records have been dealed.
18700000 records have been dealed.
18800000 records have been dealed.
18900000 records have been dealed.
19000000 records have been dealed.
19100000 records have been dealed.
19200000 records have been dealed.
19300000 records have been dealed.
19400000 records have been dealed.
19500000 records have been dealed.
19600000 records have been dealed.
19700000 records have been dealed.
19800000 records have been dealed.
19900000 records have been dealed.
20000000 records have been dealed.
20100000 records have been dealed.
20200000 records have been dealed.
20300000 records have been dealed.
20400000 records have been dealed.
20500000 records have been dealed.
20600000 records have been dealed.
20700000 records have been dealed.
20800000 records have been dealed.
20900000 records have been dealed.
21000000 records have been dealed.
21100000 records have been dealed.
21200000 records have been dealed.
21300000 records have been dealed.
21400000 records have been dealed.
21500000 records have been dealed.
21600000 records have been dealed.
21700000 records have been dealed.
21800000 records have been dealed.
21900000 records have been dealed.
22000000 records have been dealed.
22100000 records have been dealed.
22200000 records have been dealed.
22300000 records have been dealed.
22400000 records have been dealed.
22500000 records have been dealed.
22600000 records have been dealed.
22700000 records have been dealed.
22800000 records have been dealed.
22900000 records have been dealed.
23000000 records have been dealed.
23100000 records have been dealed.
23200000 records have been dealed.
23300000 records have been dealed.
23400000 records have been dealed.
23500000 records have been dealed.
23600000 records have been dealed.
SNP process ends...
SNP process completed.
